// Jest Snapshot v1, https://goo.gl/fbAQLP

exports[`destroying build 1`] = `false`;

exports[`errors build 1`] = `[Error: Error building file: Error: no work]`;

exports[`errors read 1`] = `[Error: Error reading file: Error: Error reading file.]`;

exports[`errors write 1`] = `[Error: Error writing output file: Error: Error writing file.]`;
