// Jest Snapshot v1, https://goo.gl/fbAQLP

exports[`errors read from build promise no overwrite 1`] = `[Error: Error with buildPromise: Error: A build error.]`;

exports[`errors read from build promise overwrite 1`] = `[Error: Error with buildPromise: Error: A build error.]`;

exports[`errors read from read stream no overwrite 1`] = `[Error: Error with read stream: Error: Error creating a read stream.]`;

exports[`errors read from read stream overwrite 1`] = `[Error: Error with buildPromise: Error: A build error.]`;

exports[`errors update builder 1`] = `[Error: Builder error: Error: A build error.]`;

exports[`errors update write 1`] = `[Error: Error writing file: Error: Error writing file.]`;
