// Jest Snapshot v1, https://goo.gl/fbAQLP

exports[`resolves 1`] = `[Error: Given promise was resolved.]`;
