// Jest Snapshot v1, https://goo.gl/fbAQLP

exports[`colorful task 1`] = `
Array [
  "[93mâš  my warning: a file[39m",
]
`;
