// Jest Snapshot v1, https://goo.gl/fbAQLP

exports[`_failClose 1`] = `[Error]`;
