// Jest Snapshot v1, https://goo.gl/fbAQLP

exports[`_readStreamErrorFiles 1`] = `[Error: Error creating a read stream.]`;

exports[`non-existent file 1`] = `"File: file does not exist"`;
