// Jest Snapshot v1, https://goo.gl/fbAQLP

exports[`text property 1`] = `"text"`;
